// Jest Snapshot v1, https://goo.gl/fbAQLP

exports[`<ProgressBar /> should render correctly 1`] = `
<DocumentFragment>
  <div
    style="width: 500px; height: 3px; background-color: rgb(44, 44, 44); margin-top: 3px;"
  >
    <div
      style="height: 100%; width: 80%; background-color: rgb(152, 195, 121); transition: width 500ms ease;"
    />
  </div>
</DocumentFragment>
`;
